Copyright 1986-2016 Xilinx, Inc. All Rights Reserved.
------------------------------------------------------------------------------------
| Tool Version : Vivado v.2016.2 (lin64) Build 1577090 Thu Jun  2 16:32:35 MDT 2016
| Date         : Wed Feb 15 21:30:12 2017
| Host         : linux-Inspiron-5565 running 64-bit Ubuntu 14.04.5 LTS
| Command      : report_control_sets -verbose -file top_control_sets_placed.rpt
| Design       : top
| Device       : xc7z020
------------------------------------------------------------------------------------

Control Set Information

Table of Contents
-----------------
1. Summary
2. Flip-Flop Distribution
3. Detailed Control Set Information

1. Summary
----------

+----------------------------------------------------------+-------+
|                          Status                          | Count |
+----------------------------------------------------------+-------+
| Number of unique control sets                            |    51 |
| Unused register locations in slices containing registers |    95 |
+----------------------------------------------------------+-------+


2. Flip-Flop Distribution
-------------------------

+--------------+-----------------------+------------------------+-----------------+--------------+
| Clock Enable | Synchronous Set/Reset | Asynchronous Set/Reset | Total Registers | Total Slices |
+--------------+-----------------------+------------------------+-----------------+--------------+
| No           | No                    | No                     |             111 |           40 |
| No           | No                    | Yes                    |               0 |            0 |
| No           | Yes                   | No                     |             100 |           33 |
| Yes          | No                    | No                     |             668 |          175 |
| Yes          | No                    | Yes                    |               0 |            0 |
| Yes          | Yes                   | No                     |              74 |           21 |
+--------------+-----------------------+------------------------+-----------------+--------------+


3. Detailed Control Set Information
-----------------------------------

+------------------------------------------------+---------------------------------------------------------------------------------------------------------------------------------------------------------------+----------------------------------------------------------------------------------------------------------------------------------------------------------+------------------+----------------+
|                  Clock Signal                  |                                                                         Enable Signal                                                                         |                                                                     Set/Reset Signal                                                                     | Slice Load Count | Bel Load Count |
+------------------------------------------------+---------------------------------------------------------------------------------------------------------------------------------------------------------------+----------------------------------------------------------------------------------------------------------------------------------------------------------+------------------+----------------+
|  xc7z020_i/processing_system7_0/inst/FCLK_CLK0 | xc7z020_i/processing_system7_0_axi_periph/s00_couplers/auto_pc/inst/gen_axilite.gen_b2s_conv.axilite_b2s/WR.b_channel_0/bid_fifo_0/bresp_push                 |                                                                                                                                                          |                1 |              2 |
|  xc7z020_i/processing_system7_0/inst/FCLK_CLK0 | xc7z020_i/processing_system7_0_axi_periph/s00_couplers/auto_pc/inst/gen_axilite.gen_b2s_conv.axilite_b2s/WR.aw_channel_0/aw_cmd_fsm_0/axlen_cnt_reg[3][0]     | xc7z020_i/processing_system7_0_axi_periph/s00_couplers/auto_pc/inst/gen_axilite.gen_b2s_conv.axilite_b2s/WR.aw_channel_0/aw_cmd_fsm_0/axlen_cnt_reg[7]_1 |                1 |              4 |
|  xc7z020_i/processing_system7_0/inst/FCLK_CLK0 |                                                                                                                                                               | xc7z020_i/processing_system7_0_axi_periph/s00_couplers/auto_pc/inst/gen_axilite.gen_b2s_conv.axilite_b2s/SI_REG/ar_pipe/m_valid_i_reg_0                  |                3 |              4 |
|  xc7z020_i/processing_system7_0/inst/FCLK_CLK0 |                                                                                                                                                               | xc7z020_i/processing_system7_0_axi_periph/s00_couplers/auto_pc/inst/gen_axilite.gen_b2s_conv.axilite_b2s/SI_REG/aw_pipe/s_ready_i_reg_0                  |                3 |              4 |
|  xc7z020_i/processing_system7_0/inst/FCLK_CLK0 |                                                                                                                                                               | xc7z020_i/rst_processing_system7_0_100M/U0/EXT_LPF/lpf_int                                                                                               |                1 |              4 |
|  xc7z020_i/processing_system7_0/inst/FCLK_CLK0 | xc7z020_i/processing_system7_0_axi_periph/s00_couplers/auto_pc/inst/gen_axilite.gen_b2s_conv.axilite_b2s/RD.ar_channel_0/ar_cmd_fsm_0/axlen_cnt_reg[3][0]     | xc7z020_i/processing_system7_0_axi_periph/s00_couplers/auto_pc/inst/gen_axilite.gen_b2s_conv.axilite_b2s/RD.ar_channel_0/ar_cmd_fsm_0/axlen_cnt_reg[7]   |                1 |              4 |
|  xc7z020_i/processing_system7_0/inst/FCLK_CLK0 | xc7z020_i/bigint_math_0/inst/bigint_math_PERIPH_BUS_s_axi_U/rdata[31]_i_2_n_4                                                                                 |                                                                                                                                                          |                2 |              5 |
|  xc7z020_i/processing_system7_0/inst/FCLK_CLK0 | xc7z020_i/rst_processing_system7_0_100M/U0/SEQ/seq_cnt_en                                                                                                     | xc7z020_i/rst_processing_system7_0_100M/U0/SEQ/SEQ_COUNTER/clear                                                                                         |                1 |              6 |
|  xc7z020_i/processing_system7_0/inst/FCLK_CLK0 | xc7z020_i/bigint_math_0/inst/j_reg_1580                                                                                                                       |                                                                                                                                                          |                2 |              7 |
|  xc7z020_i/processing_system7_0/inst/FCLK_CLK0 | xc7z020_i/bigint_math_0/inst/i_1_reg_1470                                                                                                                     | xc7z020_i/bigint_math_0/inst/i_1_reg_147                                                                                                                 |                2 |              8 |
|  xc7z020_i/processing_system7_0/inst/FCLK_CLK0 | xc7z020_i/bigint_math_0/inst/ap_CS_fsm[3]_i_1_n_4                                                                                                             |                                                                                                                                                          |                1 |              8 |
|  xc7z020_i/processing_system7_0/inst/FCLK_CLK0 | xc7z020_i/bigint_math_0/inst/ap_sig_121                                                                                                                       |                                                                                                                                                          |                3 |              8 |
|  xc7z020_i/processing_system7_0/inst/FCLK_CLK0 | xc7z020_i/processing_system7_0_axi_periph/s00_couplers/auto_pc/inst/gen_axilite.gen_b2s_conv.axilite_b2s/WR.b_channel_0/mhandshake_r                          | xc7z020_i/processing_system7_0_axi_periph/s00_couplers/auto_pc/inst/gen_axilite.gen_b2s_conv.axilite_b2s/WR.b_channel_0/bid_fifo_0/SR[0]                 |                2 |              8 |
|  xc7z020_i/processing_system7_0/inst/FCLK_CLK0 | xc7z020_i/bigint_math_0/inst/ap_sig_174                                                                                                                       |                                                                                                                                                          |                2 |              8 |
|  xc7z020_i/processing_system7_0/inst/FCLK_CLK0 | xc7z020_i/bigint_math_0/inst/ap_sig_183                                                                                                                       |                                                                                                                                                          |                2 |              8 |
|  xc7z020_i/processing_system7_0/inst/FCLK_CLK0 | xc7z020_i/bigint_math_0/inst/ap_sig_201                                                                                                                       |                                                                                                                                                          |                2 |              8 |
|  xc7z020_i/processing_system7_0/inst/FCLK_CLK0 | xc7z020_i/bigint_math_0/inst/ap_sig_226                                                                                                                       | xc7z020_i/bigint_math_0/inst/j_reg_158                                                                                                                   |                2 |              8 |
|  xc7z020_i/processing_system7_0/inst/FCLK_CLK0 | xc7z020_i/bigint_math_0/inst/p_0_in                                                                                                                           |                                                                                                                                                          |                3 |              8 |
|  xc7z020_i/processing_system7_0/inst/FCLK_CLK0 | xc7z020_i/bigint_math_0/inst/bigint_math_PERIPH_BUS_s_axi_U/int_c/E[0]                                                                                        |                                                                                                                                                          |                4 |              8 |
|  xc7z020_i/processing_system7_0/inst/FCLK_CLK0 | xc7z020_i/bigint_math_0/inst/bigint_math_PERIPH_BUS_s_axi_U/int_c/c_addr_2_reg_451_reg[0][0]                                                                  |                                                                                                                                                          |                3 |              8 |
|  xc7z020_i/processing_system7_0/inst/FCLK_CLK0 | xc7z020_i/bigint_math_0/inst/c_we04                                                                                                                           | xc7z020_i/bigint_math_0/inst/bigint_math_PERIPH_BUS_s_axi_U/i_reg_136_reg[0][0]                                                                          |                4 |              9 |
|  xc7z020_i/processing_system7_0/inst/FCLK_CLK0 | xc7z020_i/bigint_math_0/inst/bigint_math_PERIPH_BUS_s_axi_U/aw_hs                                                                                             |                                                                                                                                                          |                4 |             10 |
|  xc7z020_i/processing_system7_0/inst/FCLK_CLK0 | xc7z020_i/bigint_math_0/inst/Q[0]                                                                                                                             |                                                                                                                                                          |                3 |             11 |
|  xc7z020_i/processing_system7_0/inst/FCLK_CLK0 | xc7z020_i/processing_system7_0_axi_periph/s00_couplers/auto_pc/inst/gen_axilite.gen_b2s_conv.axilite_b2s/RD.ar_channel_0/ar_cmd_fsm_0/E[0]                    |                                                                                                                                                          |                4 |             12 |
|  xc7z020_i/processing_system7_0/inst/FCLK_CLK0 | xc7z020_i/processing_system7_0_axi_periph/s00_couplers/auto_pc/inst/gen_axilite.gen_b2s_conv.axilite_b2s/WR.aw_channel_0/aw_cmd_fsm_0/E[0]                    |                                                                                                                                                          |                5 |             12 |
|  xc7z020_i/processing_system7_0/inst/FCLK_CLK0 | xc7z020_i/processing_system7_0_axi_periph/s00_couplers/auto_pc/inst/gen_axilite.gen_b2s_conv.axilite_b2s/RD.ar_channel_0/ar_cmd_fsm_0/axaddr_incr_reg[0]      |                                                                                                                                                          |                3 |             12 |
|  xc7z020_i/processing_system7_0/inst/FCLK_CLK0 | xc7z020_i/processing_system7_0_axi_periph/s00_couplers/auto_pc/inst/gen_axilite.gen_b2s_conv.axilite_b2s/WR.aw_channel_0/aw_cmd_fsm_0/axaddr_incr_reg[0]      |                                                                                                                                                          |                3 |             12 |
|  xc7z020_i/processing_system7_0/inst/FCLK_CLK0 | xc7z020_i/processing_system7_0_axi_periph/s00_couplers/auto_pc/inst/gen_axilite.gen_b2s_conv.axilite_b2s/RD.r_channel_0/r_push_r                              |                                                                                                                                                          |                4 |             13 |
|  xc7z020_i/processing_system7_0/inst/FCLK_CLK0 | xc7z020_i/processing_system7_0_axi_periph/s00_couplers/auto_pc/inst/gen_axilite.gen_b2s_conv.axilite_b2s/SI_REG/b_pipe/skid_buffer_reg[0]_0                   |                                                                                                                                                          |                2 |             14 |
|  xc7z020_i/processing_system7_0/inst/FCLK_CLK0 | xc7z020_i/processing_system7_0_axi_periph/s00_couplers/auto_pc/inst/gen_axilite.gen_b2s_conv.axilite_b2s/SI_REG/b_pipe/p_1_in                                 |                                                                                                                                                          |                2 |             14 |
|  xc7z020_i/processing_system7_0/inst/FCLK_CLK0 | xc7z020_i/bigint_math_0/inst/ap_sig_95                                                                                                                        |                                                                                                                                                          |                9 |             17 |
|  xc7z020_i/processing_system7_0/inst/FCLK_CLK0 | xc7z020_i/processing_system7_0_axi_periph/s00_couplers/auto_pc/inst/gen_axilite.gen_b2s_conv.axilite_b2s/WR.aw_channel_0/aw_cmd_fsm_0/axlen_cnt_reg[7]_2      |                                                                                                                                                          |                5 |             20 |
|  xc7z020_i/processing_system7_0/inst/FCLK_CLK0 | xc7z020_i/processing_system7_0_axi_periph/s00_couplers/auto_pc/inst/gen_axilite.gen_b2s_conv.axilite_b2s/RD.ar_channel_0/ar_cmd_fsm_0/axlen_cnt_reg[3][0]     |                                                                                                                                                          |                7 |             20 |
|  xc7z020_i/processing_system7_0/inst/FCLK_CLK0 | xc7z020_i/processing_system7_0_axi_periph/s00_couplers/auto_pc/inst/gen_axilite.gen_b2s_conv.axilite_b2s/WR.aw_channel_0/aw_cmd_fsm_0/axlen_cnt_reg[3][0]     |                                                                                                                                                          |                8 |             20 |
|  xc7z020_i/processing_system7_0/inst/FCLK_CLK0 | xc7z020_i/bigint_math_0/inst/ap_sig_151                                                                                                                       |                                                                                                                                                          |               13 |             24 |
|  xc7z020_i/processing_system7_0/inst/FCLK_CLK0 | xc7z020_i/bigint_math_0/inst/bigint_math_PERIPH_BUS_s_axi_U/rdata[31]_i_2_n_4                                                                                 | xc7z020_i/bigint_math_0/inst/bigint_math_PERIPH_BUS_s_axi_U/rdata[31]_i_1_n_4                                                                            |                8 |             27 |
|  xc7z020_i/processing_system7_0/inst/FCLK_CLK0 |                                                                                                                                                               | xc7z020_i/bigint_math_0/inst/bigint_math_PERIPH_BUS_s_axi_U/SR[0]                                                                                        |               12 |             29 |
|  xc7z020_i/processing_system7_0/inst/FCLK_CLK0 | xc7z020_i/processing_system7_0_axi_periph/s00_couplers/auto_pc/inst/gen_axilite.gen_b2s_conv.axilite_b2s/SI_REG/ar_pipe/skid_buffer_reg[0]_0                  |                                                                                                                                                          |                8 |             32 |
|  xc7z020_i/processing_system7_0/inst/FCLK_CLK0 | xc7z020_i/processing_system7_0_axi_periph/s00_couplers/auto_pc/inst/gen_axilite.gen_b2s_conv.axilite_b2s/SI_REG/aw_pipe/skid_buffer_reg[0]_0                  |                                                                                                                                                          |                5 |             32 |
|  xc7z020_i/processing_system7_0/inst/FCLK_CLK0 | xc7z020_i/bigint_math_0/rdata_reg[31]_i_8_n_4                                                                                                                 |                                                                                                                                                          |                9 |             32 |
|  xc7z020_i/processing_system7_0/inst/FCLK_CLK0 | xc7z020_i/processing_system7_0_axi_periph/s00_couplers/auto_pc/inst/gen_axilite.gen_b2s_conv.axilite_b2s/WR.aw_channel_0/aw_cmd_fsm_0/m_payload_i_reg[0][0]   |                                                                                                                                                          |                7 |             32 |
|  xc7z020_i/processing_system7_0/inst/FCLK_CLK0 | xc7z020_i/processing_system7_0_axi_periph/s00_couplers/auto_pc/inst/gen_axilite.gen_b2s_conv.axilite_b2s/RD.ar_channel_0/ar_cmd_fsm_0/m_payload_i_reg[0]_1[0] |                                                                                                                                                          |                8 |             32 |
|  xc7z020_i/processing_system7_0/inst/FCLK_CLK0 | xc7z020_i/bigint_math_0/reg_186_reg[7]_i_6_n_4                                                                                                                |                                                                                                                                                          |                8 |             32 |
|  xc7z020_i/processing_system7_0/inst/FCLK_CLK0 | xc7z020_i/bigint_math_0/rdata_reg[31]_i_12_n_4                                                                                                                |                                                                                                                                                          |                8 |             32 |
|  xc7z020_i/processing_system7_0/inst/FCLK_CLK0 | xc7z020_i/bigint_math_0/rdata_reg[31]_i_4_n_4                                                                                                                 |                                                                                                                                                          |                7 |             32 |
|  xc7z020_i/processing_system7_0/inst/FCLK_CLK0 | xc7z020_i/processing_system7_0_axi_periph/s00_couplers/auto_pc/inst/gen_axilite.gen_b2s_conv.axilite_b2s/RD.r_channel_0/rd_data_fifo_0/wr_en0                 |                                                                                                                                                          |                9 |             34 |
|  xc7z020_i/processing_system7_0/inst/FCLK_CLK0 | xc7z020_i/processing_system7_0_axi_periph/s00_couplers/auto_pc/inst/gen_axilite.gen_b2s_conv.axilite_b2s/SI_REG/r_pipe/skid_buffer_reg[0]_0                   |                                                                                                                                                          |                9 |             47 |
|  xc7z020_i/processing_system7_0/inst/FCLK_CLK0 | xc7z020_i/processing_system7_0_axi_periph/s00_couplers/auto_pc/inst/gen_axilite.gen_b2s_conv.axilite_b2s/SI_REG/r_pipe/p_1_in                                 |                                                                                                                                                          |                7 |             47 |
|  xc7z020_i/processing_system7_0/inst/FCLK_CLK0 |                                                                                                                                                               | xc7z020_i/processing_system7_0_axi_periph/s00_couplers/auto_pc/inst/gen_axilite.gen_b2s_conv.axilite_b2s/areset_d1                                       |               14 |             59 |
|  xc7z020_i/processing_system7_0/inst/FCLK_CLK0 | xc7z020_i/bigint_math_0/a_load_reg_425_reg[7]_i_5_n_4                                                                                                         |                                                                                                                                                          |               12 |             64 |
|  xc7z020_i/processing_system7_0/inst/FCLK_CLK0 |                                                                                                                                                               |                                                                                                                                                          |               41 |            112 |
+------------------------------------------------+---------------------------------------------------------------------------------------------------------------------------------------------------------------+----------------------------------------------------------------------------------------------------------------------------------------------------------+------------------+----------------+


