10:54:47 **** Auto Build of configuration Debug for project BRAM_Test ****
make pre-build main-build 
a9-linaro-pre-build-step
 
Building file: ../src/test01.c
Invoking: ARM v7 gcc compiler
arm-none-eabi-gcc -Wall -O0 -g3 -c -fmessage-length=0 -MT"src/test01.o" -mcpu=cortex-a9 -mfpu=vfpv3 -mfloat-abi=hard -I../../standalone_bsp_0/ps7_cortexa9_0/include -MMD -MP -MF"src/test01.d" -MT"src/test01.o" -o "src/test01.o" "../src/test01.c"
Finished building: ../src/test01.c
 
Building target: BRAM_Test.elf
Invoking: ARM v7 gcc linker
arm-none-eabi-gcc -mcpu=cortex-a9 -mfpu=vfpv3 -mfloat-abi=hard -Wl,-build-id=none -specs=Xilinx.spec -Wl,-T -Wl,../src/lscript.ld -L../../standalone_bsp_0/ps7_cortexa9_0/lib -o "BRAM_Test.elf"  ./src/test01.o ./src/translation_table.o   -Wl,--start-group,-lxil,-lgcc,-lc,--end-group -Wl,--start-group,-lxilffs,-lxil,-lgcc,-lc,--end-group
Finished building target: BRAM_Test.elf
 
Invoking: ARM v7 Print Size
arm-none-eabi-size BRAM_Test.elf  |tee "BRAM_Test.elf.size"
   text	   data	    bss	    dec	    hex	filename
 111760	   4828	  67224	 183812	  2ce04	BRAM_Test.elf
Finished building: BRAM_Test.elf.size
 

10:54:48 Build Finished (took 571ms)

