Copyright 1986-2016 Xilinx, Inc. All Rights Reserved.
------------------------------------------------------------------------------------
| Tool Version : Vivado v.2016.2 (lin64) Build 1577090 Thu Jun  2 16:32:35 MDT 2016
| Date         : Wed Feb 15 23:07:16 2017
| Host         : linux-Inspiron-5565 running 64-bit Ubuntu 14.04.5 LTS
| Command      : report_control_sets -verbose -file top_control_sets_placed.rpt
| Design       : top
| Device       : xc7z020
------------------------------------------------------------------------------------

Control Set Information

Table of Contents
-----------------
1. Summary
2. Flip-Flop Distribution
3. Detailed Control Set Information

1. Summary
----------

+----------------------------------------------------------+-------+
|                          Status                          | Count |
+----------------------------------------------------------+-------+
| Number of unique control sets                            |    49 |
| Unused register locations in slices containing registers |    92 |
+----------------------------------------------------------+-------+


2. Flip-Flop Distribution
-------------------------

+--------------+-----------------------+------------------------+-----------------+--------------+
| Clock Enable | Synchronous Set/Reset | Asynchronous Set/Reset | Total Registers | Total Slices |
+--------------+-----------------------+------------------------+-----------------+--------------+
| No           | No                    | No                     |             108 |           32 |
| No           | No                    | Yes                    |               0 |            0 |
| No           | Yes                   | No                     |              99 |           30 |
| Yes          | No                    | No                     |            2679 |          638 |
| Yes          | No                    | Yes                    |               0 |            0 |
| Yes          | Yes                   | No                     |            4166 |          986 |
+--------------+-----------------------+------------------------+-----------------+--------------+


3. Detailed Control Set Information
-----------------------------------

+------------------------------------------------+---------------------------------------------------------------------------------------------------------------------------------------------------------------+----------------------------------------------------------------------------------------------------------------------------------------------------------+------------------+----------------+
|                  Clock Signal                  |                                                                         Enable Signal                                                                         |                                                                     Set/Reset Signal                                                                     | Slice Load Count | Bel Load Count |
+------------------------------------------------+---------------------------------------------------------------------------------------------------------------------------------------------------------------+----------------------------------------------------------------------------------------------------------------------------------------------------------+------------------+----------------+
|  xc7z020_i/processing_system7_0/inst/FCLK_CLK0 | xc7z020_i/processing_system7_0_axi_periph/s00_couplers/auto_pc/inst/gen_axilite.gen_b2s_conv.axilite_b2s/WR.b_channel_0/bid_fifo_0/bresp_push                 |                                                                                                                                                          |                1 |              2 |
|  xc7z020_i/processing_system7_0/inst/FCLK_CLK0 |                                                                                                                                                               | xc7z020_i/processing_system7_0_axi_periph/s00_couplers/auto_pc/inst/gen_axilite.gen_b2s_conv.axilite_b2s/SI_REG/ar_pipe/m_valid_i_reg_0                  |                2 |              4 |
|  xc7z020_i/processing_system7_0/inst/FCLK_CLK0 |                                                                                                                                                               | xc7z020_i/processing_system7_0_axi_periph/s00_couplers/auto_pc/inst/gen_axilite.gen_b2s_conv.axilite_b2s/SI_REG/aw_pipe/s_ready_i_reg_0                  |                2 |              4 |
|  xc7z020_i/processing_system7_0/inst/FCLK_CLK0 |                                                                                                                                                               | xc7z020_i/rst_processing_system7_0_100M/U0/EXT_LPF/lpf_int                                                                                               |                2 |              4 |
|  xc7z020_i/processing_system7_0/inst/FCLK_CLK0 | xc7z020_i/processing_system7_0_axi_periph/s00_couplers/auto_pc/inst/gen_axilite.gen_b2s_conv.axilite_b2s/WR.aw_channel_0/aw_cmd_fsm_0/axlen_cnt_reg[3][0]     | xc7z020_i/processing_system7_0_axi_periph/s00_couplers/auto_pc/inst/gen_axilite.gen_b2s_conv.axilite_b2s/WR.aw_channel_0/aw_cmd_fsm_0/axlen_cnt_reg[7]_1 |                2 |              4 |
|  xc7z020_i/processing_system7_0/inst/FCLK_CLK0 | xc7z020_i/processing_system7_0_axi_periph/s00_couplers/auto_pc/inst/gen_axilite.gen_b2s_conv.axilite_b2s/RD.ar_channel_0/ar_cmd_fsm_0/axlen_cnt_reg[3][0]     | xc7z020_i/processing_system7_0_axi_periph/s00_couplers/auto_pc/inst/gen_axilite.gen_b2s_conv.axilite_b2s/RD.ar_channel_0/ar_cmd_fsm_0/axlen_cnt_reg[7]   |                2 |              4 |
|  xc7z020_i/processing_system7_0/inst/FCLK_CLK0 | xc7z020_i/rst_processing_system7_0_100M/U0/SEQ/seq_cnt_en                                                                                                     | xc7z020_i/rst_processing_system7_0_100M/U0/SEQ/SEQ_COUNTER/clear                                                                                         |                1 |              6 |
|  xc7z020_i/processing_system7_0/inst/FCLK_CLK0 | xc7z020_i/bigint_math_0/inst/k1_reg_174[7]_i_1_n_3                                                                                                            |                                                                                                                                                          |                3 |              8 |
|  xc7z020_i/processing_system7_0/inst/FCLK_CLK0 | xc7z020_i/processing_system7_0_axi_periph/s00_couplers/auto_pc/inst/gen_axilite.gen_b2s_conv.axilite_b2s/WR.b_channel_0/mhandshake_r                          | xc7z020_i/processing_system7_0_axi_periph/s00_couplers/auto_pc/inst/gen_axilite.gen_b2s_conv.axilite_b2s/WR.b_channel_0/bid_fifo_0/SR[0]                 |                2 |              8 |
|  xc7z020_i/processing_system7_0/inst/FCLK_CLK0 | xc7z020_i/bigint_math_0/inst/i_reg_1510                                                                                                                       | xc7z020_i/bigint_math_0/inst/bigint_math_PERIPH_BUS_s_axi_U/i_reg_151_reg[0][0]                                                                          |                2 |              8 |
|  xc7z020_i/processing_system7_0/inst/FCLK_CLK0 | xc7z020_i/bigint_math_0/inst/reg_207[7]_i_1_n_3                                                                                                               |                                                                                                                                                          |                3 |              8 |
|  xc7z020_i/processing_system7_0/inst/FCLK_CLK0 | xc7z020_i/bigint_math_0/inst/ap_sig_123                                                                                                                       |                                                                                                                                                          |                5 |              8 |
|  xc7z020_i/processing_system7_0/inst/FCLK_CLK0 | xc7z020_i/bigint_math_0/inst/ap_sig_170                                                                                                                       |                                                                                                                                                          |                3 |              8 |
|  xc7z020_i/processing_system7_0/inst/FCLK_CLK0 | xc7z020_i/bigint_math_0/inst/c_U/bigint_math_c_ram_U/c_addr_2_reg_497_reg[0][0]                                                                               |                                                                                                                                                          |                5 |              8 |
|  xc7z020_i/processing_system7_0/inst/FCLK_CLK0 | xc7z020_i/bigint_math_0/inst/c_U/bigint_math_c_ram_U/E[0]                                                                                                     |                                                                                                                                                          |                3 |              8 |
|  xc7z020_i/processing_system7_0/inst/FCLK_CLK0 | xc7z020_i/bigint_math_0/inst/ap_sig_234                                                                                                                       | xc7z020_i/bigint_math_0/inst/j_reg_163[7]_i_1_n_3                                                                                                        |                2 |              8 |
|  xc7z020_i/processing_system7_0/inst/FCLK_CLK0 | xc7z020_i/bigint_math_0/inst/ap_sig_135                                                                                                                       |                                                                                                                                                          |                2 |              9 |
|  xc7z020_i/processing_system7_0/inst/FCLK_CLK0 | xc7z020_i/bigint_math_0/inst/ap_sig_108                                                                                                                       |                                                                                                                                                          |                3 |              9 |
|  xc7z020_i/processing_system7_0/inst/FCLK_CLK0 | xc7z020_i/bigint_math_0/inst/bigint_math_PERIPH_BUS_s_axi_U/waddr[9]_i_1_n_3                                                                                  |                                                                                                                                                          |                2 |             10 |
|  xc7z020_i/processing_system7_0/inst/FCLK_CLK0 | xc7z020_i/processing_system7_0_axi_periph/s00_couplers/auto_pc/inst/gen_axilite.gen_b2s_conv.axilite_b2s/RD.ar_channel_0/ar_cmd_fsm_0/axaddr_incr_reg[0]      |                                                                                                                                                          |                3 |             12 |
|  xc7z020_i/processing_system7_0/inst/FCLK_CLK0 | xc7z020_i/processing_system7_0_axi_periph/s00_couplers/auto_pc/inst/gen_axilite.gen_b2s_conv.axilite_b2s/WR.aw_channel_0/aw_cmd_fsm_0/axaddr_incr_reg[0]      |                                                                                                                                                          |                3 |             12 |
|  xc7z020_i/processing_system7_0/inst/FCLK_CLK0 | xc7z020_i/processing_system7_0_axi_periph/s00_couplers/auto_pc/inst/gen_axilite.gen_b2s_conv.axilite_b2s/WR.aw_channel_0/aw_cmd_fsm_0/E[0]                    |                                                                                                                                                          |                5 |             12 |
|  xc7z020_i/processing_system7_0/inst/FCLK_CLK0 | xc7z020_i/processing_system7_0_axi_periph/s00_couplers/auto_pc/inst/gen_axilite.gen_b2s_conv.axilite_b2s/RD.ar_channel_0/ar_cmd_fsm_0/E[0]                    |                                                                                                                                                          |                3 |             12 |
|  xc7z020_i/processing_system7_0/inst/FCLK_CLK0 | xc7z020_i/processing_system7_0_axi_periph/s00_couplers/auto_pc/inst/gen_axilite.gen_b2s_conv.axilite_b2s/RD.r_channel_0/r_push_r                              |                                                                                                                                                          |                4 |             13 |
|  xc7z020_i/processing_system7_0/inst/FCLK_CLK0 | xc7z020_i/processing_system7_0_axi_periph/s00_couplers/auto_pc/inst/gen_axilite.gen_b2s_conv.axilite_b2s/SI_REG/b_pipe/p_1_in                                 |                                                                                                                                                          |                2 |             14 |
|  xc7z020_i/processing_system7_0/inst/FCLK_CLK0 | xc7z020_i/processing_system7_0_axi_periph/s00_couplers/auto_pc/inst/gen_axilite.gen_b2s_conv.axilite_b2s/SI_REG/b_pipe/skid_buffer_reg[0]_0                   |                                                                                                                                                          |                3 |             14 |
|  xc7z020_i/processing_system7_0/inst/FCLK_CLK0 | xc7z020_i/bigint_math_0/inst/ap_sig_148                                                                                                                       |                                                                                                                                                          |                7 |             16 |
|  xc7z020_i/processing_system7_0/inst/FCLK_CLK0 | xc7z020_i/bigint_math_0/inst/ap_sig_91                                                                                                                        |                                                                                                                                                          |                8 |             17 |
|  xc7z020_i/processing_system7_0/inst/FCLK_CLK0 | xc7z020_i/processing_system7_0_axi_periph/s00_couplers/auto_pc/inst/gen_axilite.gen_b2s_conv.axilite_b2s/RD.ar_channel_0/ar_cmd_fsm_0/axlen_cnt_reg[3][0]     |                                                                                                                                                          |                8 |             20 |
|  xc7z020_i/processing_system7_0/inst/FCLK_CLK0 | xc7z020_i/processing_system7_0_axi_periph/s00_couplers/auto_pc/inst/gen_axilite.gen_b2s_conv.axilite_b2s/WR.aw_channel_0/aw_cmd_fsm_0/axlen_cnt_reg[7]_2      |                                                                                                                                                          |                5 |             20 |
|  xc7z020_i/processing_system7_0/inst/FCLK_CLK0 | xc7z020_i/processing_system7_0_axi_periph/s00_couplers/auto_pc/inst/gen_axilite.gen_b2s_conv.axilite_b2s/WR.aw_channel_0/aw_cmd_fsm_0/axlen_cnt_reg[3][0]     |                                                                                                                                                          |                6 |             20 |
|  xc7z020_i/processing_system7_0/inst/FCLK_CLK0 |                                                                                                                                                               | xc7z020_i/bigint_math_0/inst/bigint_math_PERIPH_BUS_s_axi_U/SR[0]                                                                                        |               11 |             28 |
|  xc7z020_i/processing_system7_0/inst/FCLK_CLK0 | xc7z020_i/processing_system7_0_axi_periph/s00_couplers/auto_pc/inst/gen_axilite.gen_b2s_conv.axilite_b2s/WR.aw_channel_0/aw_cmd_fsm_0/m_payload_i_reg[0][0]   |                                                                                                                                                          |                8 |             32 |
|  xc7z020_i/processing_system7_0/inst/FCLK_CLK0 | xc7z020_i/bigint_math_0/inst/rdata_reg[31]_i_13_n_3                                                                                                           |                                                                                                                                                          |                8 |             32 |
|  xc7z020_i/processing_system7_0/inst/FCLK_CLK0 | xc7z020_i/bigint_math_0/inst/bigint_math_PERIPH_BUS_s_axi_U/rdata[31]_i_1_n_3                                                                                 |                                                                                                                                                          |               11 |             32 |
|  xc7z020_i/processing_system7_0/inst/FCLK_CLK0 | xc7z020_i/processing_system7_0_axi_periph/s00_couplers/auto_pc/inst/gen_axilite.gen_b2s_conv.axilite_b2s/SI_REG/aw_pipe/skid_buffer_reg[0]_0                  |                                                                                                                                                          |                5 |             32 |
|  xc7z020_i/processing_system7_0/inst/FCLK_CLK0 | xc7z020_i/processing_system7_0_axi_periph/s00_couplers/auto_pc/inst/gen_axilite.gen_b2s_conv.axilite_b2s/SI_REG/ar_pipe/skid_buffer_reg[0]_0                  |                                                                                                                                                          |                5 |             32 |
|  xc7z020_i/processing_system7_0/inst/FCLK_CLK0 | xc7z020_i/processing_system7_0_axi_periph/s00_couplers/auto_pc/inst/gen_axilite.gen_b2s_conv.axilite_b2s/RD.ar_channel_0/ar_cmd_fsm_0/m_payload_i_reg[0]_1[0] |                                                                                                                                                          |                7 |             32 |
|  xc7z020_i/processing_system7_0/inst/FCLK_CLK0 | xc7z020_i/bigint_math_0/inst/rdata_reg[31]_i_25_n_3                                                                                                           |                                                                                                                                                          |                9 |             32 |
|  xc7z020_i/processing_system7_0/inst/FCLK_CLK0 | xc7z020_i/bigint_math_0/inst/b_load_reg_447_reg[0]_i_5_n_3                                                                                                    |                                                                                                                                                          |                6 |             32 |
|  xc7z020_i/processing_system7_0/inst/FCLK_CLK0 | xc7z020_i/bigint_math_0/inst/a_load_reg_470_reg[7]_i_5_n_3                                                                                                    |                                                                                                                                                          |                5 |             32 |
|  xc7z020_i/processing_system7_0/inst/FCLK_CLK0 | xc7z020_i/processing_system7_0_axi_periph/s00_couplers/auto_pc/inst/gen_axilite.gen_b2s_conv.axilite_b2s/RD.r_channel_0/rd_data_fifo_0/wr_en0                 |                                                                                                                                                          |                9 |             34 |
|  xc7z020_i/processing_system7_0/inst/FCLK_CLK0 | xc7z020_i/processing_system7_0_axi_periph/s00_couplers/auto_pc/inst/gen_axilite.gen_b2s_conv.axilite_b2s/SI_REG/r_pipe/skid_buffer_reg[0]_0                   |                                                                                                                                                          |                8 |             47 |
|  xc7z020_i/processing_system7_0/inst/FCLK_CLK0 | xc7z020_i/processing_system7_0_axi_periph/s00_couplers/auto_pc/inst/gen_axilite.gen_b2s_conv.axilite_b2s/SI_REG/r_pipe/p_1_in                                 |                                                                                                                                                          |                7 |             47 |
|  xc7z020_i/processing_system7_0/inst/FCLK_CLK0 |                                                                                                                                                               | xc7z020_i/processing_system7_0_axi_periph/s00_couplers/auto_pc/inst/gen_axilite.gen_b2s_conv.axilite_b2s/areset_d1                                       |               13 |             59 |
|  xc7z020_i/processing_system7_0/inst/FCLK_CLK0 |                                                                                                                                                               |                                                                                                                                                          |               33 |            109 |
|  xc7z020_i/processing_system7_0/inst/FCLK_CLK0 | xc7z020_i/bigint_math_0/inst/bigint_math_PERIPH_BUS_s_axi_U/int_output_V[2047]_i_1_n_3                                                                        | xc7z020_i/bigint_math_0/inst/bigint_math_PERIPH_BUS_s_axi_U/SR[0]                                                                                        |              511 |           2048 |
|  xc7z020_i/processing_system7_0/inst/FCLK_CLK0 | xc7z020_i/bigint_math_0/inst/ap_NS_fsm[11]                                                                                                                    |                                                                                                                                                          |              482 |           2072 |
|  xc7z020_i/processing_system7_0/inst/FCLK_CLK0 | xc7z020_i/bigint_math_0/inst/ap_sig_204                                                                                                                       | xc7z020_i/bigint_math_0/inst/i1_reg_1960                                                                                                                 |              464 |           2080 |
+------------------------------------------------+---------------------------------------------------------------------------------------------------------------------------------------------------------------+----------------------------------------------------------------------------------------------------------------------------------------------------------+------------------+----------------+


