

================================================================
== Vivado HLS Report for 'bigint_math_bigint_rightshift'
================================================================
* Date:           Sun Mar 19 09:53:20 2017

* Version:        2016.2 (Build 1577090 on Thu Jun 02 16:59:10 MDT 2016)
* Project:        BigInt
* Solution:       solution1
* Product family: zynq
* Target device:  xc7z020clg484-1


================================================================
== Performance Estimates
================================================================
+ Timing (ns): 
    * Summary: 
    +--------+-------+----------+------------+
    |  Clock | Target| Estimated| Uncertainty|
    +--------+-------+----------+------------+
    |ap_clk  |  50.00|      6.79|        6.25|
    +--------+-------+----------+------------+

+ Latency (clock cycles): 
    * Summary: 
    +------+------+------+------+---------+
    |   Latency   |   Interval  | Pipeline|
    |  min |  max |  min |  max |   Type  |
    +------+------+------+------+---------+
    |  6914|  6914|  6914|  6914|   none  |
    +------+------+------+------+---------+

    + Detail: 
        * Instance: 
        N/A

        * Loop: 
        +-------------+------+------+----------+-----------+-----------+------+----------+
        |             |   Latency   | Iteration|  Initiation Interval  | Trip |          |
        |  Loop Name  |  min |  max |  Latency |  achieved |   target  | Count| Pipelined|
        +-------------+------+------+----------+-----------+-----------+------+----------+
        |- Loop 1     |   256|   256|         1|          -|          -|   256|    no    |
        |- Loop 2     |  6656|  6656|        26|          -|          -|   256|    no    |
        | + Loop 2.1  |    24|    24|         3|          -|          -|     8|    no    |
        +-------------+------+------+----------+-----------+-----------+------+----------+



================================================================
== Utilization Estimates
================================================================
* Summary: 
+-----------------+---------+-------+--------+-------+
|       Name      | BRAM_18K| DSP48E|   FF   |  LUT  |
+-----------------+---------+-------+--------+-------+
|DSP              |        -|      -|       -|      -|
|Expression       |        -|      -|       0|    240|
|FIFO             |        -|      -|       -|      -|
|Instance         |        -|      -|       -|      -|
|Memory           |        -|      -|       -|      -|
|Multiplexer      |        -|      -|       -|    199|
|Register         |        -|      -|     206|      -|
+-----------------+---------+-------+--------+-------+
|Total            |        0|      0|     206|    439|
+-----------------+---------+-------+--------+-------+
|Available        |      280|    220|  106400|  53200|
+-----------------+---------+-------+--------+-------+
|Utilization (%)  |        0|      0|   ~0   |   ~0  |
+-----------------+---------+-------+--------+-------+

+ Detail: 
    * Instance: 
    N/A

    * DSP48: 
    N/A

    * Memory: 
    N/A

    * FIFO: 
    N/A

    * Expression: 
    +-----------------------+----------+-------+---+----+------------+------------+
    |     Variable Name     | Operation| DSP48E| FF| LUT| Bitwidth P0| Bitwidth P1|
    +-----------------------+----------+-------+---+----+------------+------------+
    |i_3_fu_203_p2          |     +    |      0|  0|   9|           9|           1|
    |i_5_fu_186_p2          |     +    |      0|  0|   9|           9|           1|
    |j_4_fu_318_p2          |     +    |      0|  0|   4|           4|           2|
    |k_3_fu_232_p2          |     +    |      0|  0|  32|          32|           1|
    |k_4_fu_273_p2          |     +    |      0|  0|  32|           1|          32|
    |outputBit_2_fu_312_p2  |     +    |      0|  0|  32|          32|           2|
    |tmp_19_fu_305_p2       |     +    |      0|  0|   8|           8|           8|
    |tmp_22_fu_293_p2       |     +    |      0|  0|   8|           8|           8|
    |tmp_16_fu_251_p2       |    and   |      0|  0|   8|           8|           8|
    |exitcond_fu_197_p2     |   icmp   |      0|  0|   4|           9|          10|
    |exitcond_i_fu_180_p2   |   icmp   |      0|  0|   4|           9|          10|
    |tmp_17_fu_262_p2       |   icmp   |      0|  0|  11|          32|           2|
    |tmp_s_fu_226_p2        |   icmp   |      0|  0|  11|          32|           1|
    |b_fu_257_p2            |   lshr   |      0|  0|  12|           8|           8|
    |p_k_1_fu_238_p3        |  select  |      0|  0|  32|           1|          32|
    |tmp_15_fu_246_p2       |    shl   |      0|  0|  12|           1|           8|
    |tmp_20_fu_288_p2       |    shl   |      0|  0|  12|           8|           8|
    +-----------------------+----------+-------+---+----+------------+------------+
    |Total                  |          |      0|  0| 240|         211|         142|
    +-----------------------+----------+-------+---+----+------------+------------+

    * Multiplexer: 
    +---------------------------+----+-----------+-----+-----------+
    |            Name           | LUT| Input Size| Bits| Total Bits|
    +---------------------------+----+-----------+-----+-----------+
    |ap_NS_fsm                  |   1|          7|    1|          7|
    |i_i_reg_88                 |   9|          2|    9|         18|
    |i_reg_99                   |   9|          2|    9|         18|
    |j_reg_122                  |   4|          2|    4|          8|
    |k_1_reg_134                |  32|          2|   32|         64|
    |k_2_phi_fu_161_p4          |  32|          3|   32|         96|
    |k_reg_110                  |  32|          2|   32|         64|
    |out_r_address0             |   8|          6|    8|         48|
    |out_r_d0                   |   8|          4|    8|         32|
    |outputBit_1_phi_fu_172_p4  |  32|          3|   32|         96|
    |outputBit_reg_145          |  32|          2|   32|         64|
    +---------------------------+----+-----------+-----+-----------+
    |Total                      | 199|         35|  199|        515|
    +---------------------------+----+-----------+-----+-----------+

    * Register: 
    +--------------------+----+----+-----+-----------+
    |        Name        | FF | LUT| Bits| Const Bits|
    +--------------------+----+----+-----+-----------+
    |a_addr_reg_340      |   8|   0|    8|          0|
    |ap_CS_fsm           |   6|   0|    6|          0|
    |b_reg_359           |   8|   0|    8|          0|
    |i_3_reg_335         |   9|   0|    9|          0|
    |i_i_reg_88          |   9|   0|    9|          0|
    |i_reg_99            |   9|   0|    9|          0|
    |j_cast_reg_345      |   8|   0|    8|          0|
    |j_reg_122           |   4|   0|    4|          0|
    |k_1_reg_134         |  32|   0|   32|          0|
    |k_4_reg_374         |  32|   0|   32|          0|
    |k_reg_110           |  32|   0|   32|          0|
    |out_addr_1_reg_369  |   8|   0|    8|          0|
    |out_addr_reg_379    |   8|   0|    8|          0|
    |outputBit_reg_145   |  32|   0|   32|          0|
    |tmp_17_reg_365      |   1|   0|    1|          0|
    +--------------------+----+----+-----+-----------+
    |Total               | 206|   0|  206|          0|
    +--------------------+----+----+-----+-----------+



================================================================
== Interface
================================================================
* Summary: 
+----------------+-----+-----+------------+-------------------------------+--------------+
|    RTL Ports   | Dir | Bits|  Protocol  |         Source Object         |    C Type    |
+----------------+-----+-----+------------+-------------------------------+--------------+
|ap_clk          |  in |    1| ap_ctrl_hs | bigint_math_bigint_rightshift | return value |
|ap_rst          |  in |    1| ap_ctrl_hs | bigint_math_bigint_rightshift | return value |
|ap_start        |  in |    1| ap_ctrl_hs | bigint_math_bigint_rightshift | return value |
|ap_done         | out |    1| ap_ctrl_hs | bigint_math_bigint_rightshift | return value |
|ap_idle         | out |    1| ap_ctrl_hs | bigint_math_bigint_rightshift | return value |
|ap_ready        | out |    1| ap_ctrl_hs | bigint_math_bigint_rightshift | return value |
|out_r_address0  | out |    8|  ap_memory |             out_r             |     array    |
|out_r_ce0       | out |    1|  ap_memory |             out_r             |     array    |
|out_r_we0       | out |    1|  ap_memory |             out_r             |     array    |
|out_r_d0        | out |    8|  ap_memory |             out_r             |     array    |
|out_r_q0        |  in |    8|  ap_memory |             out_r             |     array    |
|a_address0      | out |    8|  ap_memory |               a               |     array    |
|a_ce0           | out |    1|  ap_memory |               a               |     array    |
|a_q0            |  in |    8|  ap_memory |               a               |     array    |
+----------------+-----+-----+------------+-------------------------------+--------------+

